// Jest Snapshot v1, https://goo.gl/fbAQLP

exports[`should render AddIngredientForm correctly 1`] = `
<div>
  <p>
    Add Ingredient
  </p>
  <form
    onSubmit={[Function]}
  >
    <input
      autoFocus={true}
      id="set-name"
      onChange={[Function]}
      placeholder="Name"
      type="text"
      value=""
    />
    <select
      id="set-category"
      onChange={[Function]}
      value="dairy"
    >
      <option
        value="dairy"
      >
        Dairy
      </option>
      <option
        value="meats"
      >
        Meats
      </option>
      <option
        value="seafood"
      >
        Seafood
      </option>
      <option
        value="vegetables"
      >
        Vegetables
      </option>
      <option
        value="fruit"
      >
        Fruit
      </option>
      <option
        value="baking and grains"
      >
        Baking and Grains
      </option>
      <option
        value="added sweeteners"
      >
        Added Sweeteners
      </option>
      <option
        value="condiments"
      >
        Condiments
      </option>
      <option
        value="spices"
      >
        Spices
      </option>
      <option
        value="fish"
      >
        Fish
      </option>
      <option
        value="oils"
      >
        Oils
      </option>
      <option
        value="seasonings"
      >
        Seasonings
      </option>
      <option
        value="sauces"
      >
        Sauces
      </option>
      <option
        value="legumes"
      >
        Legumes
      </option>
      <option
        value="alcohol"
      >
        Alcohol
      </option>
      <option
        value="soup"
      >
        Soup
      </option>
      <option
        value="nuts"
      >
        Nuts
      </option>
      <option
        value="dairy alternatives"
      >
        Dairy Alternatives
      </option>
      <option
        value="desserts and snacks"
      >
        Desserts and Snacks
      </option>
      <option
        value="beverages"
      >
        Beverages
      </option>
    </select>
    <select
      id="set-price"
      onChange={[Function]}
      value="1"
    >
      <option
        value="1"
      >
        1
      </option>
      <option
        value="2"
      >
        2
      </option>
      <option
        value="3"
      >
        3
      </option>
    </select>
    <button>
      Add Ingredient
    </button>
  </form>
</div>
`;

exports[`should render error message for invalid form submission 1`] = `
<div>
  <p>
    Add Ingredient
  </p>
  <form
    onSubmit={[Function]}
  >
    <p>
      Please provide name, category, and price
    </p>
    <input
      autoFocus={true}
      id="set-name"
      onChange={[Function]}
      placeholder="Name"
      type="text"
      value=""
    />
    <select
      id="set-category"
      onChange={[Function]}
      value="dairy"
    >
      <option
        value="dairy"
      >
        Dairy
      </option>
      <option
        value="meats"
      >
        Meats
      </option>
      <option
        value="seafood"
      >
        Seafood
      </option>
      <option
        value="vegetables"
      >
        Vegetables
      </option>
      <option
        value="fruit"
      >
        Fruit
      </option>
      <option
        value="baking and grains"
      >
        Baking and Grains
      </option>
      <option
        value="added sweeteners"
      >
        Added Sweeteners
      </option>
      <option
        value="condiments"
      >
        Condiments
      </option>
      <option
        value="spices"
      >
        Spices
      </option>
      <option
        value="fish"
      >
        Fish
      </option>
      <option
        value="oils"
      >
        Oils
      </option>
      <option
        value="seasonings"
      >
        Seasonings
      </option>
      <option
        value="sauces"
      >
        Sauces
      </option>
      <option
        value="legumes"
      >
        Legumes
      </option>
      <option
        value="alcohol"
      >
        Alcohol
      </option>
      <option
        value="soup"
      >
        Soup
      </option>
      <option
        value="nuts"
      >
        Nuts
      </option>
      <option
        value="dairy alternatives"
      >
        Dairy Alternatives
      </option>
      <option
        value="desserts and snacks"
      >
        Desserts and Snacks
      </option>
      <option
        value="beverages"
      >
        Beverages
      </option>
    </select>
    <select
      id="set-price"
      onChange={[Function]}
      value="1"
    >
      <option
        value="1"
      >
        1
      </option>
      <option
        value="2"
      >
        2
      </option>
      <option
        value="3"
      >
        3
      </option>
    </select>
    <button>
      Add Ingredient
    </button>
  </form>
</div>
`;
