// Jest Snapshot v1, https://goo.gl/fbAQLP

exports[`should not render Admin when admin does not exist 1`] = `<div />`;

exports[`should render Admin when admin exists 1`] = `
<div>
  <p>
    Admin User
  </p>
</div>
`;
