// Jest Snapshot v1, https://goo.gl/fbAQLP

exports[`should render IngredientListHeader with category 1`] = `
<div>
  <h3>
    SPICES
  </h3>
</div>
`;
