// Jest Snapshot v1, https://goo.gl/fbAQLP

exports[`should render IngredientListItem with ingredient in pantry 1`] = `
<div
  className="list-item"
>
  <h3>
    Yoghurt
  </h3>
  <p>
    2
  </p>
  <button
    onClick={[Function]}
  >
    Remove
  </button>
</div>
`;
